// Jest Snapshot v1, https://goo.gl/fbAQLP

exports[`removes the tagged template literals and replaces it with array expressions 1`] = `
"\\"use strict\\";

var _interopRequireDefault = require(\\"/Users/ricokahler/workspace/react-style-system/node_modules/@babel/runtime/helpers/interopRequireDefault\\");

Object.defineProperty(exports, \\"__esModule\\", {
  value: true
});
exports.default = void 0;

require(\\"/Users/ricokahler/workspace/react-style-system/src/examples/Example--d89a965.css\\");

var _react = _interopRequireDefault(require(\\"react\\"));

var _ssr = require(\\"react-style-system/ssr\\");

var _polished = require(\\"polished\\");

var _submodule = _interopRequireDefault(require(\\"./submodule\\"));

var _jsxFileName = \\"/Users/ricokahler/workspace/react-style-system/src/examples/Example.js\\";
const useStyles = (0, _ssr.createStyles)(({
  css,
  theme
}) => ({
  root: [(0, _polished.readableColor)(theme.colors.brand), theme.colors.brand],
  title: [(0, _polished.darken)(0.1, _submodule.default)],
  classNamePrefix: \\"Example--d89a965\\"
}));

function MyComponent(props) {
  const {
    Root,
    styles,
    title
  } = useStyles(props);
  return _react.default.createElement(Root, {
    __source: {
      fileName: _jsxFileName,
      lineNumber: 26
    },
    __self: this
  }, _react.default.createElement(\\"h1\\", {
    className: styles.title,
    __source: {
      fileName: _jsxFileName,
      lineNumber: 27
    },
    __self: this
  }, title));
}

var _default = MyComponent;
exports.default = _default;"
`;
